// Vitest Snapshot v1, https://vitest.dev/guide/snapshot.html

exports[`SCENE_NODES > is deterministic for a given seed 1`] = `
[
  "employee_record",
  "new_hire",
  "contractor",
  "leave_request",
  "attendance",
  "recruitment",
  "payroll_run",
  "salary_change",
  "vendor_invoice",
  "expense_claim",
  "payment_run",
  "receivable",
  "journal_entry",
  "purchase_order",
  "goods_receipt",
  "inventory_move",
  "supplier",
  "contract_pdf",
  "finance_approval",
  "manager_approval",
]
`;

exports[`SCENE_NODES > is deterministic for a given seed 2`] = `
[
  [
    61.2603,
    -8.9279,
    -16.3091,
  ],
  [
    45.5481,
    7.4219,
    -1.3636,
  ],
  [
    -35.7455,
    12.8963,
    -30.7929,
  ],
  [
    -1.7728,
    -0.7658,
    -7.8333,
  ],
  [
    -68.0773,
    51.5984,
    -39.3864,
  ],
  [
    7.2671,
    56.5049,
    -53.7446,
  ],
  [
    -40.465,
    10.9892,
    5.4141,
  ],
  [
    36.7268,
    14.7962,
    -38.9374,
  ],
  [
    -8.5249,
    2.8477,
    10.968,
  ],
  [
    -40.1272,
    25.5923,
    -10.5927,
  ],
  [
    10.9642,
    17.3197,
    -47.1233,
  ],
  [
    -1.5902,
    5.9625,
    -4.273,
  ],
  [
    5.324,
    3.1663,
    13.9534,
  ],
  [
    92.4564,
    -10.5438,
    -41.2569,
  ],
  [
    -69.3325,
    -16.5892,
    -26.8228,
  ],
  [
    -25.2055,
    -5.6256,
    -13.5226,
  ],
  [
    -14.5862,
    13.0269,
    -24.7883,
  ],
  [
    -14.5276,
    -7.4904,
    0.6328,
  ],
  [
    11.1599,
    -3.7762,
    8.4029,
  ],
  [
    -36.5307,
    18.5489,
    -57.2275,
  ],
]
`;
