// Vitest Snapshot v1, https://vitest.dev/guide/snapshot.html

exports[`SCENE_NODES > is deterministic for a given seed 1`] = `
[
  "employee_record",
  "new_hire",
  "contractor",
  "leave_request",
  "attendance",
  "recruitment",
  "payroll_run",
  "salary_change",
  "vendor_invoice",
  "expense_claim",
  "payment_run",
  "receivable",
  "journal_entry",
  "purchase_order",
  "goods_receipt",
  "inventory_move",
  "supplier",
  "contract_pdf",
  "finance_approval",
  "manager_approval",
]
`;

exports[`SCENE_NODES > is deterministic for a given seed 2`] = `
[
  [
    -10.7795,
    -9.6439,
    -0.5867,
  ],
  [
    14.8433,
    -12.1385,
    -11.6963,
  ],
  [
    -15.4593,
    -3.6736,
    22.3239,
  ],
  [
    10.9399,
    -5.2924,
    9.6269,
  ],
  [
    -3.0704,
    -5.2067,
    -15.5551,
  ],
  [
    5.798,
    -12.3752,
    4.6526,
  ],
  [
    16.5388,
    6.0277,
    18.0361,
  ],
  [
    -24.0495,
    0.3631,
    15.0467,
  ],
  [
    1.9168,
    9.1026,
    6.9823,
  ],
  [
    5.1847,
    -12.8681,
    2.1584,
  ],
  [
    5.6155,
    11.6735,
    13.0359,
  ],
  [
    -14.8797,
    -7.0711,
    -3.6769,
  ],
  [
    -10.5333,
    4.588,
    -4.8551,
  ],
  [
    14.8956,
    -13.5407,
    -9.2482,
  ],
  [
    17.5739,
    -9.8361,
    13.5504,
  ],
  [
    -6.1659,
    5.045,
    20.9155,
  ],
  [
    -10.1195,
    -1.9179,
    -10.288,
  ],
  [
    -1.4785,
    9.8967,
    -23.9791,
  ],
  [
    -9.6867,
    -13.5422,
    8.3645,
  ],
  [
    20.9075,
    0.8326,
    6.537,
  ],
]
`;
